=== VERIFYING INTEGRATION CHECKLIST ===

1. Signup / Auth:
  -> Status: 200 PASS

5. Teams (create, update, ownership restriction, join, leave):
  -> Create team: 201 {
  success: true,
  data: {
    id: '678649ec-828d-458e-b280-5315650ec02e',
    name: 'Team Verify mu5ns9yc',
    slug: 'team-verify-mu5ns9yc',
    team_type: 'community',
    story: 'Test team story',
    logo_url: null,
    captain_id: 'a0000000-0000-0000-0000-000000000000',
    is_relay: false,
    relay_swimmer_id: null,
    relay_cyclist_id: null,
    relay_runner_id: null,
    member_count: 1,
    created_at: '2026-09-17T15:02:43.369525+00:00'
  }
}
  -> Update by captain: 200
  -> Update by non-captain (expected 403): 403
  -> Join team: 200
  -> Leave team: 200
  -> Overall: PASS

6. Community Feed (posts, reactions, comments, reports):
  -> Create post: 201
  -> React to post: 200 action: added
  -> Comment on post: 201
  -> Get comments: 200 count: 1
  -> Report post: 201
  -> Overall: PASS

7. Why I Participate (submit, approve, list):
  -> Submit story: 201
  -> Approve story: 200
  -> List stories: 200 count: 1
  -> Overall: PASS

8. Challenges (list, join, complete, leaderboard):
  -> List challenges: 200 count: 5
  -> Join challenge (201 or 409 already joined): 409
  -> Complete challenge: 200
  -> Challenge leaderboard: 200 entries: 1
  -> Overall: PASS

9. Digital Bibs (generate, get by me, get by slug):
  -> Generate bib: 201
  -> Get my bib: 200 bib_number: 08421
  -> Get bib by slug: 200
  -> Overall: PASS

10. Triathlon Results (query, leaderboards, my result):
  -> Results list: 200 count: 2
  -> Performance leaderboard: 200
  -> My result: 200 overall_rank: undefined
  -> Overall: PASS

11. Phase Sync (event_editions <-> event_config <-> event_lifecycle):
  -> Update phase to event_day: 200
  -> event_config.phase: event_day (expected event_day)
  -> event_lifecycle.current_mode: live (expected live)
  -> Overall: PASS

12. Archive-Mode Lockout (social write blocks with 403, read stays open):
  -> Set lifecycle to archive: 200
  -> Write during archive status: 403 code: SOCIAL_CLOSED (expected 403 SOCIAL_CLOSED)
  -> Read during archive status: 200 (expected 200)
  -> Overall: PASS

13. Admin & Audit Logs:
  -> Audit logs endpoint: 200 count: 34
  -> Overall: PASS

14. Payment Webhook (HMAC signature, idempotency, amount check):
  -> Missing signature status (expected 401): 401
  -> Valid webhook status: 200 status text: ok
  -> Replay webhook duplicate_prevented: true (expected true)
  -> Amount mismatch webhook status (expected 400): 400
  -> Overall: PASS

=============================================
FINAL RESULTS SUMMARY:
{
  "1_auth": true,
  "5_teams": true,
  "6_community": true,
  "7_stories": true,
  "8_challenges": true,
  "9_bibs": true,
  "10_results": true,
  "11_phase_sync": true,
  "12_archive_lockout": true,
  "13_audit_log": true,
  "14_webhook": true
}
=============================================
